------------------------------------------------------------
Timing Analyzer Summary
------------------------------------------------------------

Type  : Slow 1100mV 85C Model Setup 'LFSR:pos_x|random[0]'
Slack : -21.190
TNS   : -3058.968

Type  : Slow 1100mV 85C Model Setup 'reset'
Slack : -19.976
TNS   : -3224.118

Type  : Slow 1100mV 85C Model Setup 'fsm:maquina|estado.0001'
Slack : -18.614
TNS   : -2622.173

Type  : Slow 1100mV 85C Model Setup 'derecha'
Slack : -17.685
TNS   : -2420.097

Type  : Slow 1100mV 85C Model Setup 'fsm:maquina|estado.0100'
Slack : -16.787
TNS   : -307.085

Type  : Slow 1100mV 85C Model Setup 'abajo'
Slack : -16.353
TNS   : -2255.905

Type  : Slow 1100mV 85C Model Setup 'barcos[1]'
Slack : -15.196
TNS   : -1892.654

Type  : Slow 1100mV 85C Model Setup 'barcos[0]'
Slack : -15.172
TNS   : -1883.872

Type  : Slow 1100mV 85C Model Setup 'clk_divider:new_clk|temp'
Slack : -13.122
TNS   : -136.768

Type  : Slow 1100mV 85C Model Setup 'fsm:maquina|estado.0110'
Slack : -8.728
TNS   : -150.826

Type  : Slow 1100mV 85C Model Setup 'clk_divider:new_clk_x|temp'
Slack : -1.795
TNS   : -3.582

Type  : Slow 1100mV 85C Model Setup 'clk_divider:new_clk_y|temp'
Slack : -0.676
TNS   : -1.702

Type  : Slow 1100mV 85C Model Setup 'clk'
Slack : 1.193
TNS   : 0.000

Type  : Slow 1100mV 85C Model Setup 'vv|vgapll|pll_inst|altera_pll_i|general[0].gpll~PLL_OUTPUT_COUNTER|divclk'
Slack : 35.833
TNS   : 0.000

Type  : Slow 1100mV 85C Model Hold 'abajo'
Slack : -14.208
TNS   : -1801.583

Type  : Slow 1100mV 85C Model Hold 'derecha'
Slack : -12.977
TNS   : -1734.933

Type  : Slow 1100mV 85C Model Hold 'barcos[1]'
Slack : -9.563
TNS   : -1112.137

Type  : Slow 1100mV 85C Model Hold 'fsm:maquina|estado.0001'
Slack : -9.142
TNS   : -1237.600

Type  : Slow 1100mV 85C Model Hold 'LFSR:pos_x|random[0]'
Slack : -8.756
TNS   : -1174.075

Type  : Slow 1100mV 85C Model Hold 'barcos[0]'
Slack : -7.771
TNS   : -925.361

Type  : Slow 1100mV 85C Model Hold 'reset'
Slack : -3.846
TNS   : -416.019

Type  : Slow 1100mV 85C Model Hold 'clk'
Slack : -3.531
TNS   : -8.737

Type  : Slow 1100mV 85C Model Hold 'clk_divider:new_clk|temp'
Slack : -1.418
TNS   : -6.899

Type  : Slow 1100mV 85C Model Hold 'clk_divider:new_clk_x|temp'
Slack : -0.883
TNS   : -0.883

Type  : Slow 1100mV 85C Model Hold 'fsm:maquina|estado.0100'
Slack : -0.625
TNS   : -2.121

Type  : Slow 1100mV 85C Model Hold 'fsm:maquina|estado.0110'
Slack : -0.234
TNS   : -0.299

Type  : Slow 1100mV 85C Model Hold 'clk_divider:new_clk_y|temp'
Slack : 0.165
TNS   : 0.000

Type  : Slow 1100mV 85C Model Hold 'vv|vgapll|pll_inst|altera_pll_i|general[0].gpll~PLL_OUTPUT_COUNTER|divclk'
Slack : 0.675
TNS   : 0.000

Type  : Slow 1100mV 85C Model Recovery 'fsm:maquina|estado.0001'
Slack : -4.563
TNS   : -22.644

Type  : Slow 1100mV 85C Model Recovery 'fsm:maquina|estado.0100'
Slack : -4.272
TNS   : -42.491

Type  : Slow 1100mV 85C Model Recovery 'fsm:maquina|estado.0110'
Slack : -4.103
TNS   : -37.920

Type  : Slow 1100mV 85C Model Recovery 'clk_divider:new_clk_x|temp'
Slack : -2.801
TNS   : -7.236

Type  : Slow 1100mV 85C Model Recovery 'clk_divider:new_clk|temp'
Slack : -2.702
TNS   : -39.052

Type  : Slow 1100mV 85C Model Recovery 'clk_divider:new_clk_y|temp'
Slack : -2.566
TNS   : -7.693

Type  : Slow 1100mV 85C Model Recovery 'derecha'
Slack : 0.637
TNS   : 0.000

Type  : Slow 1100mV 85C Model Recovery 'abajo'
Slack : 3.480
TNS   : 0.000

Type  : Slow 1100mV 85C Model Removal 'abajo'
Slack : -6.595
TNS   : -13.014

Type  : Slow 1100mV 85C Model Removal 'derecha'
Slack : -3.761
TNS   : -13.596

Type  : Slow 1100mV 85C Model Removal 'fsm:maquina|estado.0100'
Slack : -0.633
TNS   : -3.778

Type  : Slow 1100mV 85C Model Removal 'fsm:maquina|estado.0110'
Slack : -0.356
TNS   : -3.028

Type  : Slow 1100mV 85C Model Removal 'fsm:maquina|estado.0001'
Slack : -0.036
TNS   : -0.092

Type  : Slow 1100mV 85C Model Removal 'clk_divider:new_clk_x|temp'
Slack : 1.322
TNS   : 0.000

Type  : Slow 1100mV 85C Model Removal 'clk_divider:new_clk_y|temp'
Slack : 1.598
TNS   : 0.000

Type  : Slow 1100mV 85C Model Removal 'clk_divider:new_clk|temp'
Slack : 1.643
TNS   : 0.000

Type  : Slow 1100mV 85C Model Minimum Pulse Width 'derecha'
Slack : -9.205
TNS   : -12154.379

Type  : Slow 1100mV 85C Model Minimum Pulse Width 'abajo'
Slack : -7.952
TNS   : -9371.108

Type  : Slow 1100mV 85C Model Minimum Pulse Width 'fsm:maquina|estado.0001'
Slack : -7.944
TNS   : -10334.917

Type  : Slow 1100mV 85C Model Minimum Pulse Width 'LFSR:pos_x|random[0]'
Slack : -7.400
TNS   : -10223.853

Type  : Slow 1100mV 85C Model Minimum Pulse Width 'barcos[1]'
Slack : -3.816
TNS   : -1276.662

Type  : Slow 1100mV 85C Model Minimum Pulse Width 'barcos[0]'
Slack : -3.096
TNS   : -836.064

Type  : Slow 1100mV 85C Model Minimum Pulse Width 'fsm:maquina|estado.0110'
Slack : -0.394
TNS   : -11.356

Type  : Slow 1100mV 85C Model Minimum Pulse Width 'fsm:maquina|estado.0100'
Slack : -0.394
TNS   : -11.265

Type  : Slow 1100mV 85C Model Minimum Pulse Width 'clk_divider:new_clk|temp'
Slack : -0.394
TNS   : -10.793

Type  : Slow 1100mV 85C Model Minimum Pulse Width 'clk_divider:new_clk_y|temp'
Slack : -0.394
TNS   : -1.871

Type  : Slow 1100mV 85C Model Minimum Pulse Width 'clk_divider:new_clk_x|temp'
Slack : -0.394
TNS   : -1.859

Type  : Slow 1100mV 85C Model Minimum Pulse Width 'reset'
Slack : -0.046
TNS   : -0.125

Type  : Slow 1100mV 85C Model Minimum Pulse Width 'vv|vgapll|pll_inst|altera_pll_i|general[0].gpll~FRACTIONAL_PLL|vcoph[0]'
Slack : 0.325
TNS   : 0.000

Type  : Slow 1100mV 85C Model Minimum Pulse Width 'clk'
Slack : 9.086
TNS   : 0.000

Type  : Slow 1100mV 85C Model Minimum Pulse Width 'vv|vgapll|pll_inst|altera_pll_i|general[0].gpll~PLL_OUTPUT_COUNTER|divclk'
Slack : 19.157
TNS   : 0.000

Type  : Slow 1100mV 0C Model Setup 'LFSR:pos_x|random[0]'
Slack : -20.847
TNS   : -3026.497

Type  : Slow 1100mV 0C Model Setup 'reset'
Slack : -19.681
TNS   : -3157.962

Type  : Slow 1100mV 0C Model Setup 'fsm:maquina|estado.0001'
Slack : -18.212
TNS   : -2595.906

Type  : Slow 1100mV 0C Model Setup 'derecha'
Slack : -17.253
TNS   : -2363.864

Type  : Slow 1100mV 0C Model Setup 'fsm:maquina|estado.0100'
Slack : -16.339
TNS   : -296.830

Type  : Slow 1100mV 0C Model Setup 'abajo'
Slack : -16.020
TNS   : -2217.855

Type  : Slow 1100mV 0C Model Setup 'barcos[1]'
Slack : -15.055
TNS   : -1899.537

Type  : Slow 1100mV 0C Model Setup 'barcos[0]'
Slack : -14.972
TNS   : -1883.786

Type  : Slow 1100mV 0C Model Setup 'clk_divider:new_clk|temp'
Slack : -12.794
TNS   : -133.594

Type  : Slow 1100mV 0C Model Setup 'fsm:maquina|estado.0110'
Slack : -8.578
TNS   : -147.770

Type  : Slow 1100mV 0C Model Setup 'clk_divider:new_clk_x|temp'
Slack : -1.713
TNS   : -3.523

Type  : Slow 1100mV 0C Model Setup 'clk_divider:new_clk_y|temp'
Slack : -0.648
TNS   : -1.631

Type  : Slow 1100mV 0C Model Setup 'clk'
Slack : 1.097
TNS   : 0.000

Type  : Slow 1100mV 0C Model Setup 'vv|vgapll|pll_inst|altera_pll_i|general[0].gpll~PLL_OUTPUT_COUNTER|divclk'
Slack : 35.773
TNS   : 0.000

Type  : Slow 1100mV 0C Model Hold 'abajo'
Slack : -13.779
TNS   : -1749.354

Type  : Slow 1100mV 0C Model Hold 'derecha'
Slack : -12.614
TNS   : -1699.031

Type  : Slow 1100mV 0C Model Hold 'barcos[1]'
Slack : -9.269
TNS   : -1068.093

Type  : Slow 1100mV 0C Model Hold 'fsm:maquina|estado.0001'
Slack : -9.120
TNS   : -1230.831

Type  : Slow 1100mV 0C Model Hold 'LFSR:pos_x|random[0]'
Slack : -8.604
TNS   : -1159.580

Type  : Slow 1100mV 0C Model Hold 'barcos[0]'
Slack : -7.543
TNS   : -896.194

Type  : Slow 1100mV 0C Model Hold 'reset'
Slack : -3.730
TNS   : -411.195

Type  : Slow 1100mV 0C Model Hold 'clk'
Slack : -3.407
TNS   : -8.389

Type  : Slow 1100mV 0C Model Hold 'clk_divider:new_clk|temp'
Slack : -1.331
TNS   : -6.266

Type  : Slow 1100mV 0C Model Hold 'clk_divider:new_clk_x|temp'
Slack : -0.775
TNS   : -0.775

Type  : Slow 1100mV 0C Model Hold 'fsm:maquina|estado.0100'
Slack : -0.534
TNS   : -1.627

Type  : Slow 1100mV 0C Model Hold 'fsm:maquina|estado.0110'
Slack : -0.158
TNS   : -0.158

Type  : Slow 1100mV 0C Model Hold 'clk_divider:new_clk_y|temp'
Slack : 0.143
TNS   : 0.000

Type  : Slow 1100mV 0C Model Hold 'vv|vgapll|pll_inst|altera_pll_i|general[0].gpll~PLL_OUTPUT_COUNTER|divclk'
Slack : 0.715
TNS   : 0.000

Type  : Slow 1100mV 0C Model Recovery 'fsm:maquina|estado.0001'
Slack : -4.460
TNS   : -22.382

Type  : Slow 1100mV 0C Model Recovery 'fsm:maquina|estado.0100'
Slack : -4.192
TNS   : -41.861

Type  : Slow 1100mV 0C Model Recovery 'fsm:maquina|estado.0110'
Slack : -4.058
TNS   : -37.765

Type  : Slow 1100mV 0C Model Recovery 'clk_divider:new_clk_x|temp'
Slack : -2.761
TNS   : -7.196

Type  : Slow 1100mV 0C Model Recovery 'clk_divider:new_clk|temp'
Slack : -2.661
TNS   : -38.350

Type  : Slow 1100mV 0C Model Recovery 'clk_divider:new_clk_y|temp'
Slack : -2.526
TNS   : -7.573

Type  : Slow 1100mV 0C Model Recovery 'derecha'
Slack : 0.526
TNS   : 0.000

Type  : Slow 1100mV 0C Model Recovery 'abajo'
Slack : 3.217
TNS   : 0.000

Type  : Slow 1100mV 0C Model Removal 'abajo'
Slack : -6.361
TNS   : -12.503

Type  : Slow 1100mV 0C Model Removal 'derecha'
Slack : -3.661
TNS   : -13.245

Type  : Slow 1100mV 0C Model Removal 'fsm:maquina|estado.0100'
Slack : -0.586
TNS   : -3.485

Type  : Slow 1100mV 0C Model Removal 'fsm:maquina|estado.0110'
Slack : -0.306
TNS   : -2.538

Type  : Slow 1100mV 0C Model Removal 'fsm:maquina|estado.0001'
Slack : -0.035
TNS   : -0.078

Type  : Slow 1100mV 0C Model Removal 'clk_divider:new_clk_x|temp'
Slack : 1.300
TNS   : 0.000

Type  : Slow 1100mV 0C Model Removal 'clk_divider:new_clk_y|temp'
Slack : 1.539
TNS   : 0.000

Type  : Slow 1100mV 0C Model Removal 'clk_divider:new_clk|temp'
Slack : 1.596
TNS   : 0.000

Type  : Slow 1100mV 0C Model Minimum Pulse Width 'derecha'
Slack : -9.021
TNS   : -11995.594

Type  : Slow 1100mV 0C Model Minimum Pulse Width 'fsm:maquina|estado.0001'
Slack : -7.810
TNS   : -10203.207

Type  : Slow 1100mV 0C Model Minimum Pulse Width 'abajo'
Slack : -7.797
TNS   : -9143.445

Type  : Slow 1100mV 0C Model Minimum Pulse Width 'LFSR:pos_x|random[0]'
Slack : -7.334
TNS   : -10104.864

Type  : Slow 1100mV 0C Model Minimum Pulse Width 'barcos[1]'
Slack : -3.706
TNS   : -1232.650

Type  : Slow 1100mV 0C Model Minimum Pulse Width 'barcos[0]'
Slack : -2.880
TNS   : -812.850

Type  : Slow 1100mV 0C Model Minimum Pulse Width 'fsm:maquina|estado.0110'
Slack : -0.394
TNS   : -11.080

Type  : Slow 1100mV 0C Model Minimum Pulse Width 'fsm:maquina|estado.0100'
Slack : -0.394
TNS   : -11.000

Type  : Slow 1100mV 0C Model Minimum Pulse Width 'clk_divider:new_clk|temp'
Slack : -0.394
TNS   : -10.568

Type  : Slow 1100mV 0C Model Minimum Pulse Width 'clk_divider:new_clk_y|temp'
Slack : -0.394
TNS   : -1.792

Type  : Slow 1100mV 0C Model Minimum Pulse Width 'clk_divider:new_clk_x|temp'
Slack : -0.394
TNS   : -1.791

Type  : Slow 1100mV 0C Model Minimum Pulse Width 'reset'
Slack : -0.049
TNS   : -0.135

Type  : Slow 1100mV 0C Model Minimum Pulse Width 'vv|vgapll|pll_inst|altera_pll_i|general[0].gpll~FRACTIONAL_PLL|vcoph[0]'
Slack : 0.325
TNS   : 0.000

Type  : Slow 1100mV 0C Model Minimum Pulse Width 'clk'
Slack : 9.081
TNS   : 0.000

Type  : Slow 1100mV 0C Model Minimum Pulse Width 'vv|vgapll|pll_inst|altera_pll_i|general[0].gpll~PLL_OUTPUT_COUNTER|divclk'
Slack : 19.103
TNS   : 0.000

Type  : Fast 1100mV 85C Model Setup 'LFSR:pos_x|random[0]'
Slack : -12.493
TNS   : -1742.224

Type  : Fast 1100mV 85C Model Setup 'reset'
Slack : -11.964
TNS   : -1892.274

Type  : Fast 1100mV 85C Model Setup 'fsm:maquina|estado.0001'
Slack : -10.886
TNS   : -1456.171

Type  : Fast 1100mV 85C Model Setup 'derecha'
Slack : -10.246
TNS   : -1379.379

Type  : Fast 1100mV 85C Model Setup 'fsm:maquina|estado.0100'
Slack : -9.985
TNS   : -183.117

Type  : Fast 1100mV 85C Model Setup 'abajo'
Slack : -9.474
TNS   : -1279.038

Type  : Fast 1100mV 85C Model Setup 'barcos[0]'
Slack : -8.993
TNS   : -1004.635

Type  : Fast 1100mV 85C Model Setup 'barcos[1]'
Slack : -8.959
TNS   : -1075.104

Type  : Fast 1100mV 85C Model Setup 'clk_divider:new_clk|temp'
Slack : -7.765
TNS   : -80.812

Type  : Fast 1100mV 85C Model Setup 'fsm:maquina|estado.0110'
Slack : -4.856
TNS   : -85.296

Type  : Fast 1100mV 85C Model Setup 'clk_divider:new_clk_x|temp'
Slack : -0.930
TNS   : -1.923

Type  : Fast 1100mV 85C Model Setup 'clk_divider:new_clk_y|temp'
Slack : -0.170
TNS   : -0.340

Type  : Fast 1100mV 85C Model Setup 'clk'
Slack : 0.528
TNS   : 0.000

Type  : Fast 1100mV 85C Model Setup 'vv|vgapll|pll_inst|altera_pll_i|general[0].gpll~PLL_OUTPUT_COUNTER|divclk'
Slack : 37.590
TNS   : 0.000

Type  : Fast 1100mV 85C Model Hold 'abajo'
Slack : -8.789
TNS   : -1104.630

Type  : Fast 1100mV 85C Model Hold 'derecha'
Slack : -8.158
TNS   : -1065.106

Type  : Fast 1100mV 85C Model Hold 'barcos[1]'
Slack : -5.601
TNS   : -685.645

Type  : Fast 1100mV 85C Model Hold 'fsm:maquina|estado.0001'
Slack : -5.303
TNS   : -705.333

Type  : Fast 1100mV 85C Model Hold 'LFSR:pos_x|random[0]'
Slack : -5.080
TNS   : -668.860

Type  : Fast 1100mV 85C Model Hold 'barcos[0]'
Slack : -4.906
TNS   : -588.663

Type  : Fast 1100mV 85C Model Hold 'reset'
Slack : -2.599
TNS   : -247.247

Type  : Fast 1100mV 85C Model Hold 'clk'
Slack : -2.066
TNS   : -5.121

Type  : Fast 1100mV 85C Model Hold 'clk_divider:new_clk|temp'
Slack : -0.960
TNS   : -5.372

Type  : Fast 1100mV 85C Model Hold 'clk_divider:new_clk_x|temp'
Slack : -0.626
TNS   : -0.626

Type  : Fast 1100mV 85C Model Hold 'fsm:maquina|estado.0100'
Slack : -0.475
TNS   : -2.527

Type  : Fast 1100mV 85C Model Hold 'fsm:maquina|estado.0110'
Slack : -0.292
TNS   : -1.063

Type  : Fast 1100mV 85C Model Hold 'clk_divider:new_clk_y|temp'
Slack : 0.045
TNS   : 0.000

Type  : Fast 1100mV 85C Model Hold 'vv|vgapll|pll_inst|altera_pll_i|general[0].gpll~PLL_OUTPUT_COUNTER|divclk'
Slack : 0.303
TNS   : 0.000

Type  : Fast 1100mV 85C Model Recovery 'fsm:maquina|estado.0100'
Slack : -2.712
TNS   : -27.738

Type  : Fast 1100mV 85C Model Recovery 'fsm:maquina|estado.0001'
Slack : -2.704
TNS   : -10.653

Type  : Fast 1100mV 85C Model Recovery 'fsm:maquina|estado.0110'
Slack : -2.581
TNS   : -23.711

Type  : Fast 1100mV 85C Model Recovery 'clk_divider:new_clk_x|temp'
Slack : -1.834
TNS   : -4.706

Type  : Fast 1100mV 85C Model Recovery 'clk_divider:new_clk|temp'
Slack : -1.796
TNS   : -25.982

Type  : Fast 1100mV 85C Model Recovery 'clk_divider:new_clk_y|temp'
Slack : -1.685
TNS   : -5.053

Type  : Fast 1100mV 85C Model Recovery 'derecha'
Slack : 0.619
TNS   : 0.000

Type  : Fast 1100mV 85C Model Recovery 'abajo'
Slack : 2.651
TNS   : 0.000

Type  : Fast 1100mV 85C Model Removal 'abajo'
Slack : -4.270
TNS   : -8.449

Type  : Fast 1100mV 85C Model Removal 'derecha'
Slack : -2.621
TNS   : -8.791

Type  : Fast 1100mV 85C Model Removal 'fsm:maquina|estado.0100'
Slack : -0.513
TNS   : -3.300

Type  : Fast 1100mV 85C Model Removal 'fsm:maquina|estado.0110'
Slack : -0.362
TNS   : -3.484

Type  : Fast 1100mV 85C Model Removal 'fsm:maquina|estado.0001'
Slack : -0.058
TNS   : -0.193

Type  : Fast 1100mV 85C Model Removal 'clk_divider:new_clk_x|temp'
Slack : 0.488
TNS   : 0.000

Type  : Fast 1100mV 85C Model Removal 'clk_divider:new_clk_y|temp'
Slack : 0.670
TNS   : 0.000

Type  : Fast 1100mV 85C Model Removal 'clk_divider:new_clk|temp'
Slack : 0.737
TNS   : 0.000

Type  : Fast 1100mV 85C Model Minimum Pulse Width 'derecha'
Slack : -5.717
TNS   : -6718.055

Type  : Fast 1100mV 85C Model Minimum Pulse Width 'abajo'
Slack : -4.760
TNS   : -5068.984

Type  : Fast 1100mV 85C Model Minimum Pulse Width 'fsm:maquina|estado.0001'
Slack : -4.514
TNS   : -5230.185

Type  : Fast 1100mV 85C Model Minimum Pulse Width 'LFSR:pos_x|random[0]'
Slack : -4.153
TNS   : -5249.261

Type  : Fast 1100mV 85C Model Minimum Pulse Width 'barcos[0]'
Slack : -2.330
TNS   : -620.026

Type  : Fast 1100mV 85C Model Minimum Pulse Width 'barcos[1]'
Slack : -2.297
TNS   : -817.254

Type  : Fast 1100mV 85C Model Minimum Pulse Width 'reset'
Slack : -0.271
TNS   : -12.030

Type  : Fast 1100mV 85C Model Minimum Pulse Width 'fsm:maquina|estado.0110'
Slack : -0.053
TNS   : -0.416

Type  : Fast 1100mV 85C Model Minimum Pulse Width 'clk_divider:new_clk_x|temp'
Slack : -0.038
TNS   : -0.074

Type  : Fast 1100mV 85C Model Minimum Pulse Width 'fsm:maquina|estado.0100'
Slack : -0.030
TNS   : -0.137

Type  : Fast 1100mV 85C Model Minimum Pulse Width 'clk_divider:new_clk_y|temp'
Slack : -0.004
TNS   : -0.010

Type  : Fast 1100mV 85C Model Minimum Pulse Width 'clk_divider:new_clk|temp'
Slack : 0.062
TNS   : 0.000

Type  : Fast 1100mV 85C Model Minimum Pulse Width 'vv|vgapll|pll_inst|altera_pll_i|general[0].gpll~FRACTIONAL_PLL|vcoph[0]'
Slack : 0.325
TNS   : 0.000

Type  : Fast 1100mV 85C Model Minimum Pulse Width 'clk'
Slack : 9.076
TNS   : 0.000

Type  : Fast 1100mV 85C Model Minimum Pulse Width 'vv|vgapll|pll_inst|altera_pll_i|general[0].gpll~PLL_OUTPUT_COUNTER|divclk'
Slack : 19.408
TNS   : 0.000

Type  : Fast 1100mV 0C Model Setup 'LFSR:pos_x|random[0]'
Slack : -11.458
TNS   : -1601.686

Type  : Fast 1100mV 0C Model Setup 'reset'
Slack : -10.907
TNS   : -1722.199

Type  : Fast 1100mV 0C Model Setup 'fsm:maquina|estado.0001'
Slack : -9.929
TNS   : -1334.104

Type  : Fast 1100mV 0C Model Setup 'fsm:maquina|estado.0100'
Slack : -9.136
TNS   : -167.445

Type  : Fast 1100mV 0C Model Setup 'derecha'
Slack : -9.015
TNS   : -1233.377

Type  : Fast 1100mV 0C Model Setup 'abajo'
Slack : -8.382
TNS   : -1136.088

Type  : Fast 1100mV 0C Model Setup 'barcos[0]'
Slack : -8.142
TNS   : -904.666

Type  : Fast 1100mV 0C Model Setup 'barcos[1]'
Slack : -8.081
TNS   : -963.560

Type  : Fast 1100mV 0C Model Setup 'clk_divider:new_clk|temp'
Slack : -7.158
TNS   : -74.490

Type  : Fast 1100mV 0C Model Setup 'fsm:maquina|estado.0110'
Slack : -4.431
TNS   : -77.470

Type  : Fast 1100mV 0C Model Setup 'clk_divider:new_clk_x|temp'
Slack : -0.779
TNS   : -1.612

Type  : Fast 1100mV 0C Model Setup 'clk_divider:new_clk_y|temp'
Slack : -0.117
TNS   : -0.224

Type  : Fast 1100mV 0C Model Setup 'clk'
Slack : 0.553
TNS   : 0.000

Type  : Fast 1100mV 0C Model Setup 'vv|vgapll|pll_inst|altera_pll_i|general[0].gpll~PLL_OUTPUT_COUNTER|divclk'
Slack : 37.684
TNS   : 0.000

Type  : Fast 1100mV 0C Model Hold 'abajo'
Slack : -8.004
TNS   : -1021.801

Type  : Fast 1100mV 0C Model Hold 'derecha'
Slack : -7.501
TNS   : -992.929

Type  : Fast 1100mV 0C Model Hold 'barcos[1]'
Slack : -5.207
TNS   : -650.573

Type  : Fast 1100mV 0C Model Hold 'fsm:maquina|estado.0001'
Slack : -4.877
TNS   : -645.381

Type  : Fast 1100mV 0C Model Hold 'LFSR:pos_x|random[0]'
Slack : -4.600
TNS   : -612.814

Type  : Fast 1100mV 0C Model Hold 'barcos[0]'
Slack : -4.579
TNS   : -556.223

Type  : Fast 1100mV 0C Model Hold 'reset'
Slack : -2.493
TNS   : -244.641

Type  : Fast 1100mV 0C Model Hold 'clk'
Slack : -1.979
TNS   : -4.943

Type  : Fast 1100mV 0C Model Hold 'clk_divider:new_clk|temp'
Slack : -0.894
TNS   : -5.054

Type  : Fast 1100mV 0C Model Hold 'clk_divider:new_clk_x|temp'
Slack : -0.565
TNS   : -0.565

Type  : Fast 1100mV 0C Model Hold 'fsm:maquina|estado.0100'
Slack : -0.438
TNS   : -2.332

Type  : Fast 1100mV 0C Model Hold 'fsm:maquina|estado.0110'
Slack : -0.268
TNS   : -0.908

Type  : Fast 1100mV 0C Model Hold 'clk_divider:new_clk_y|temp'
Slack : 0.026
TNS   : 0.000

Type  : Fast 1100mV 0C Model Hold 'vv|vgapll|pll_inst|altera_pll_i|general[0].gpll~PLL_OUTPUT_COUNTER|divclk'
Slack : 0.293
TNS   : 0.000

Type  : Fast 1100mV 0C Model Recovery 'fsm:maquina|estado.0100'
Slack : -2.575
TNS   : -25.948

Type  : Fast 1100mV 0C Model Recovery 'fsm:maquina|estado.0001'
Slack : -2.496
TNS   : -10.356

Type  : Fast 1100mV 0C Model Recovery 'fsm:maquina|estado.0110'
Slack : -2.464
TNS   : -22.498

Type  : Fast 1100mV 0C Model Recovery 'clk_divider:new_clk_x|temp'
Slack : -1.783
TNS   : -4.658

Type  : Fast 1100mV 0C Model Recovery 'clk_divider:new_clk|temp'
Slack : -1.749
TNS   : -25.364

Type  : Fast 1100mV 0C Model Recovery 'clk_divider:new_clk_y|temp'
Slack : -1.645
TNS   : -4.934

Type  : Fast 1100mV 0C Model Recovery 'derecha'
Slack : 0.707
TNS   : 0.000

Type  : Fast 1100mV 0C Model Recovery 'abajo'
Slack : 2.502
TNS   : 0.000

Type  : Fast 1100mV 0C Model Removal 'abajo'
Slack : -3.949
TNS   : -7.800

Type  : Fast 1100mV 0C Model Removal 'derecha'
Slack : -2.482
TNS   : -8.451

Type  : Fast 1100mV 0C Model Removal 'fsm:maquina|estado.0100'
Slack : -0.482
TNS   : -3.180

Type  : Fast 1100mV 0C Model Removal 'fsm:maquina|estado.0110'
Slack : -0.343
TNS   : -3.454

Type  : Fast 1100mV 0C Model Removal 'fsm:maquina|estado.0001'
Slack : -0.044
TNS   : -0.137

Type  : Fast 1100mV 0C Model Removal 'clk_divider:new_clk_x|temp'
Slack : 0.497
TNS   : 0.000

Type  : Fast 1100mV 0C Model Removal 'clk_divider:new_clk_y|temp'
Slack : 0.653
TNS   : 0.000

Type  : Fast 1100mV 0C Model Removal 'clk_divider:new_clk|temp'
Slack : 0.716
TNS   : 0.000

Type  : Fast 1100mV 0C Model Minimum Pulse Width 'derecha'
Slack : -5.144
TNS   : -5964.926

Type  : Fast 1100mV 0C Model Minimum Pulse Width 'abajo'
Slack : -4.331
TNS   : -4465.597

Type  : Fast 1100mV 0C Model Minimum Pulse Width 'fsm:maquina|estado.0001'
Slack : -3.986
TNS   : -4583.991

Type  : Fast 1100mV 0C Model Minimum Pulse Width 'LFSR:pos_x|random[0]'
Slack : -3.679
TNS   : -4641.310

Type  : Fast 1100mV 0C Model Minimum Pulse Width 'barcos[1]'
Slack : -2.040
TNS   : -689.956

Type  : Fast 1100mV 0C Model Minimum Pulse Width 'barcos[0]'
Slack : -2.003
TNS   : -537.624

Type  : Fast 1100mV 0C Model Minimum Pulse Width 'reset'
Slack : -0.225
TNS   : -9.662

Type  : Fast 1100mV 0C Model Minimum Pulse Width 'fsm:maquina|estado.0110'
Slack : -0.002
TNS   : -0.007

Type  : Fast 1100mV 0C Model Minimum Pulse Width 'clk_divider:new_clk_x|temp'
Slack : 0.012
TNS   : 0.000

Type  : Fast 1100mV 0C Model Minimum Pulse Width 'fsm:maquina|estado.0100'
Slack : 0.016
TNS   : 0.000

Type  : Fast 1100mV 0C Model Minimum Pulse Width 'clk_divider:new_clk_y|temp'
Slack : 0.036
TNS   : 0.000

Type  : Fast 1100mV 0C Model Minimum Pulse Width 'clk_divider:new_clk|temp'
Slack : 0.090
TNS   : 0.000

Type  : Fast 1100mV 0C Model Minimum Pulse Width 'vv|vgapll|pll_inst|altera_pll_i|general[0].gpll~FRACTIONAL_PLL|vcoph[0]'
Slack : 0.325
TNS   : 0.000

Type  : Fast 1100mV 0C Model Minimum Pulse Width 'clk'
Slack : 9.079
TNS   : 0.000

Type  : Fast 1100mV 0C Model Minimum Pulse Width 'vv|vgapll|pll_inst|altera_pll_i|general[0].gpll~PLL_OUTPUT_COUNTER|divclk'
Slack : 19.402
TNS   : 0.000

------------------------------------------------------------
