------------------------------------------------------------
Timing Analyzer Summary
------------------------------------------------------------

Type  : Slow 1100mV 85C Model Setup 'fsm:maquina|estado.0001'
Slack : -33.448
TNS   : -4097.475

Type  : Slow 1100mV 85C Model Setup 'LFSR:pos_x|random[0]'
Slack : -27.910
TNS   : -3619.056

Type  : Slow 1100mV 85C Model Setup 'abajo'
Slack : -26.890
TNS   : -2238.229

Type  : Slow 1100mV 85C Model Setup 'reset'
Slack : -26.512
TNS   : -3519.039

Type  : Slow 1100mV 85C Model Setup 'clk_divider:new_clk|temp'
Slack : -19.573
TNS   : -194.422

Type  : Slow 1100mV 85C Model Setup 'fsm:maquina|estado.0100'
Slack : -11.560
TNS   : -206.128

Type  : Slow 1100mV 85C Model Setup 'fsm:maquina|estado.0110'
Slack : -7.880
TNS   : -139.594

Type  : Slow 1100mV 85C Model Setup 'clk'
Slack : -1.494
TNS   : -2.736

Type  : Slow 1100mV 85C Model Setup 'clk_divider:new_clk_y|temp'
Slack : -1.087
TNS   : -2.423

Type  : Slow 1100mV 85C Model Setup 'clk_divider:new_clk_x|temp'
Slack : -1.012
TNS   : -2.001

Type  : Slow 1100mV 85C Model Setup 'vv|vgapll|pll_inst|altera_pll_i|general[0].gpll~PLL_OUTPUT_COUNTER|divclk'
Slack : 35.470
TNS   : 0.000

Type  : Slow 1100mV 85C Model Hold 'abajo'
Slack : -18.097
TNS   : -1764.931

Type  : Slow 1100mV 85C Model Hold 'fsm:maquina|estado.0001'
Slack : -16.016
TNS   : -1678.476

Type  : Slow 1100mV 85C Model Hold 'LFSR:pos_x|random[0]'
Slack : -8.270
TNS   : -958.894

Type  : Slow 1100mV 85C Model Hold 'reset'
Slack : -3.778
TNS   : -416.845

Type  : Slow 1100mV 85C Model Hold 'clk'
Slack : -2.100
TNS   : -3.312

Type  : Slow 1100mV 85C Model Hold 'clk_divider:new_clk|temp'
Slack : -1.432
TNS   : -7.378

Type  : Slow 1100mV 85C Model Hold 'clk_divider:new_clk_x|temp'
Slack : -1.301
TNS   : -1.301

Type  : Slow 1100mV 85C Model Hold 'fsm:maquina|estado.0110'
Slack : -0.428
TNS   : -0.843

Type  : Slow 1100mV 85C Model Hold 'fsm:maquina|estado.0100'
Slack : -0.290
TNS   : -0.747

Type  : Slow 1100mV 85C Model Hold 'clk_divider:new_clk_y|temp'
Slack : 0.360
TNS   : 0.000

Type  : Slow 1100mV 85C Model Hold 'vv|vgapll|pll_inst|altera_pll_i|general[0].gpll~PLL_OUTPUT_COUNTER|divclk'
Slack : 0.675
TNS   : 0.000

Type  : Slow 1100mV 85C Model Recovery 'clk_divider:new_clk|temp'
Slack : -2.586
TNS   : -37.023

Type  : Slow 1100mV 85C Model Recovery 'clk_divider:new_clk_y|temp'
Slack : -2.484
TNS   : -7.447

Type  : Slow 1100mV 85C Model Recovery 'clk_divider:new_clk_x|temp'
Slack : -2.451
TNS   : -7.348

Type  : Slow 1100mV 85C Model Recovery 'fsm:maquina|estado.0110'
Slack : -1.207
TNS   : -7.996

Type  : Slow 1100mV 85C Model Recovery 'fsm:maquina|estado.0100'
Slack : -0.406
TNS   : -3.583

Type  : Slow 1100mV 85C Model Removal 'fsm:maquina|estado.0110'
Slack : -0.815
TNS   : -7.146

Type  : Slow 1100mV 85C Model Removal 'fsm:maquina|estado.0100'
Slack : -0.768
TNS   : -9.587

Type  : Slow 1100mV 85C Model Removal 'clk_divider:new_clk_y|temp'
Slack : 1.456
TNS   : 0.000

Type  : Slow 1100mV 85C Model Removal 'clk_divider:new_clk|temp'
Slack : 1.457
TNS   : 0.000

Type  : Slow 1100mV 85C Model Removal 'clk_divider:new_clk_x|temp'
Slack : 1.498
TNS   : 0.000

Type  : Slow 1100mV 85C Model Minimum Pulse Width 'fsm:maquina|estado.0001'
Slack : -14.913
TNS   : -36987.265

Type  : Slow 1100mV 85C Model Minimum Pulse Width 'abajo'
Slack : -11.208
TNS   : -13247.111

Type  : Slow 1100mV 85C Model Minimum Pulse Width 'LFSR:pos_x|random[0]'
Slack : -6.962
TNS   : -8519.923

Type  : Slow 1100mV 85C Model Minimum Pulse Width 'clk_divider:new_clk|temp'
Slack : -0.394
TNS   : -13.295

Type  : Slow 1100mV 85C Model Minimum Pulse Width 'fsm:maquina|estado.0100'
Slack : -0.394
TNS   : -11.508

Type  : Slow 1100mV 85C Model Minimum Pulse Width 'fsm:maquina|estado.0110'
Slack : -0.394
TNS   : -11.311

Type  : Slow 1100mV 85C Model Minimum Pulse Width 'clk_divider:new_clk_y|temp'
Slack : -0.394
TNS   : -1.994

Type  : Slow 1100mV 85C Model Minimum Pulse Width 'clk_divider:new_clk_x|temp'
Slack : -0.394
TNS   : -1.859

Type  : Slow 1100mV 85C Model Minimum Pulse Width 'reset'
Slack : -0.069
TNS   : -0.070

Type  : Slow 1100mV 85C Model Minimum Pulse Width 'vv|vgapll|pll_inst|altera_pll_i|general[0].gpll~FRACTIONAL_PLL|vcoph[0]'
Slack : 0.325
TNS   : 0.000

Type  : Slow 1100mV 85C Model Minimum Pulse Width 'clk'
Slack : 9.066
TNS   : 0.000

Type  : Slow 1100mV 85C Model Minimum Pulse Width 'vv|vgapll|pll_inst|altera_pll_i|general[0].gpll~PLL_OUTPUT_COUNTER|divclk'
Slack : 19.171
TNS   : 0.000

Type  : Slow 1100mV 0C Model Setup 'fsm:maquina|estado.0001'
Slack : -32.084
TNS   : -3960.307

Type  : Slow 1100mV 0C Model Setup 'LFSR:pos_x|random[0]'
Slack : -27.104
TNS   : -3531.480

Type  : Slow 1100mV 0C Model Setup 'abajo'
Slack : -25.973
TNS   : -2209.375

Type  : Slow 1100mV 0C Model Setup 'reset'
Slack : -25.832
TNS   : -3439.804

Type  : Slow 1100mV 0C Model Setup 'clk_divider:new_clk|temp'
Slack : -19.014
TNS   : -189.266

Type  : Slow 1100mV 0C Model Setup 'fsm:maquina|estado.0100'
Slack : -11.200
TNS   : -196.997

Type  : Slow 1100mV 0C Model Setup 'fsm:maquina|estado.0110'
Slack : -7.771
TNS   : -137.910

Type  : Slow 1100mV 0C Model Setup 'clk'
Slack : -1.421
TNS   : -2.629

Type  : Slow 1100mV 0C Model Setup 'clk_divider:new_clk_y|temp'
Slack : -1.047
TNS   : -2.372

Type  : Slow 1100mV 0C Model Setup 'clk_divider:new_clk_x|temp'
Slack : -1.008
TNS   : -1.978

Type  : Slow 1100mV 0C Model Setup 'vv|vgapll|pll_inst|altera_pll_i|general[0].gpll~PLL_OUTPUT_COUNTER|divclk'
Slack : 35.444
TNS   : 0.000

Type  : Slow 1100mV 0C Model Hold 'abajo'
Slack : -17.582
TNS   : -1695.644

Type  : Slow 1100mV 0C Model Hold 'fsm:maquina|estado.0001'
Slack : -15.700
TNS   : -1644.870

Type  : Slow 1100mV 0C Model Hold 'LFSR:pos_x|random[0]'
Slack : -8.145
TNS   : -960.093

Type  : Slow 1100mV 0C Model Hold 'reset'
Slack : -3.729
TNS   : -412.931

Type  : Slow 1100mV 0C Model Hold 'clk'
Slack : -2.057
TNS   : -3.375

Type  : Slow 1100mV 0C Model Hold 'clk_divider:new_clk|temp'
Slack : -1.361
TNS   : -6.876

Type  : Slow 1100mV 0C Model Hold 'clk_divider:new_clk_x|temp'
Slack : -1.184
TNS   : -1.184

Type  : Slow 1100mV 0C Model Hold 'fsm:maquina|estado.0110'
Slack : -0.357
TNS   : -0.591

Type  : Slow 1100mV 0C Model Hold 'fsm:maquina|estado.0100'
Slack : -0.205
TNS   : -0.432

Type  : Slow 1100mV 0C Model Hold 'clk_divider:new_clk_y|temp'
Slack : 0.356
TNS   : 0.000

Type  : Slow 1100mV 0C Model Hold 'vv|vgapll|pll_inst|altera_pll_i|general[0].gpll~PLL_OUTPUT_COUNTER|divclk'
Slack : 0.713
TNS   : 0.000

Type  : Slow 1100mV 0C Model Recovery 'clk_divider:new_clk|temp'
Slack : -2.544
TNS   : -36.469

Type  : Slow 1100mV 0C Model Recovery 'clk_divider:new_clk_y|temp'
Slack : -2.485
TNS   : -7.450

Type  : Slow 1100mV 0C Model Recovery 'clk_divider:new_clk_x|temp'
Slack : -2.418
TNS   : -7.249

Type  : Slow 1100mV 0C Model Recovery 'fsm:maquina|estado.0110'
Slack : -1.195
TNS   : -8.250

Type  : Slow 1100mV 0C Model Recovery 'fsm:maquina|estado.0100'
Slack : -0.435
TNS   : -4.093

Type  : Slow 1100mV 0C Model Removal 'fsm:maquina|estado.0110'
Slack : -0.742
TNS   : -6.380

Type  : Slow 1100mV 0C Model Removal 'fsm:maquina|estado.0100'
Slack : -0.716
TNS   : -8.672

Type  : Slow 1100mV 0C Model Removal 'clk_divider:new_clk|temp'
Slack : 1.402
TNS   : 0.000

Type  : Slow 1100mV 0C Model Removal 'clk_divider:new_clk_y|temp'
Slack : 1.442
TNS   : 0.000

Type  : Slow 1100mV 0C Model Removal 'clk_divider:new_clk_x|temp'
Slack : 1.459
TNS   : 0.000

Type  : Slow 1100mV 0C Model Minimum Pulse Width 'fsm:maquina|estado.0001'
Slack : -14.480
TNS   : -36015.826

Type  : Slow 1100mV 0C Model Minimum Pulse Width 'abajo'
Slack : -11.213
TNS   : -13149.469

Type  : Slow 1100mV 0C Model Minimum Pulse Width 'LFSR:pos_x|random[0]'
Slack : -6.823
TNS   : -8479.733

Type  : Slow 1100mV 0C Model Minimum Pulse Width 'clk_divider:new_clk|temp'
Slack : -0.394
TNS   : -12.880

Type  : Slow 1100mV 0C Model Minimum Pulse Width 'fsm:maquina|estado.0100'
Slack : -0.394
TNS   : -11.434

Type  : Slow 1100mV 0C Model Minimum Pulse Width 'fsm:maquina|estado.0110'
Slack : -0.394
TNS   : -11.169

Type  : Slow 1100mV 0C Model Minimum Pulse Width 'clk_divider:new_clk_y|temp'
Slack : -0.394
TNS   : -1.945

Type  : Slow 1100mV 0C Model Minimum Pulse Width 'clk_divider:new_clk_x|temp'
Slack : -0.394
TNS   : -1.771

Type  : Slow 1100mV 0C Model Minimum Pulse Width 'reset'
Slack : -0.080
TNS   : -0.102

Type  : Slow 1100mV 0C Model Minimum Pulse Width 'vv|vgapll|pll_inst|altera_pll_i|general[0].gpll~FRACTIONAL_PLL|vcoph[0]'
Slack : 0.325
TNS   : 0.000

Type  : Slow 1100mV 0C Model Minimum Pulse Width 'clk'
Slack : 9.087
TNS   : 0.000

Type  : Slow 1100mV 0C Model Minimum Pulse Width 'vv|vgapll|pll_inst|altera_pll_i|general[0].gpll~PLL_OUTPUT_COUNTER|divclk'
Slack : 19.117
TNS   : 0.000

Type  : Fast 1100mV 85C Model Setup 'fsm:maquina|estado.0001'
Slack : -20.332
TNS   : -2314.923

Type  : Fast 1100mV 85C Model Setup 'abajo'
Slack : -16.423
TNS   : -1273.649

Type  : Fast 1100mV 85C Model Setup 'LFSR:pos_x|random[0]'
Slack : -16.026
TNS   : -2082.958

Type  : Fast 1100mV 85C Model Setup 'reset'
Slack : -15.570
TNS   : -2071.874

Type  : Fast 1100mV 85C Model Setup 'clk_divider:new_clk|temp'
Slack : -11.444
TNS   : -111.595

Type  : Fast 1100mV 85C Model Setup 'fsm:maquina|estado.0100'
Slack : -6.775
TNS   : -122.219

Type  : Fast 1100mV 85C Model Setup 'fsm:maquina|estado.0110'
Slack : -4.506
TNS   : -77.945

Type  : Fast 1100mV 85C Model Setup 'clk'
Slack : -1.381
TNS   : -2.582

Type  : Fast 1100mV 85C Model Setup 'clk_divider:new_clk_y|temp'
Slack : -0.520
TNS   : -0.900

Type  : Fast 1100mV 85C Model Setup 'clk_divider:new_clk_x|temp'
Slack : -0.379
TNS   : -0.747

Type  : Fast 1100mV 85C Model Setup 'vv|vgapll|pll_inst|altera_pll_i|general[0].gpll~PLL_OUTPUT_COUNTER|divclk'
Slack : 37.403
TNS   : 0.000

Type  : Fast 1100mV 85C Model Hold 'abajo'
Slack : -10.749
TNS   : -1047.098

Type  : Fast 1100mV 85C Model Hold 'fsm:maquina|estado.0001'
Slack : -9.624
TNS   : -1005.079

Type  : Fast 1100mV 85C Model Hold 'LFSR:pos_x|random[0]'
Slack : -5.122
TNS   : -561.662

Type  : Fast 1100mV 85C Model Hold 'reset'
Slack : -2.156
TNS   : -236.657

Type  : Fast 1100mV 85C Model Hold 'clk'
Slack : -1.210
TNS   : -1.694

Type  : Fast 1100mV 85C Model Hold 'clk_divider:new_clk|temp'
Slack : -0.981
TNS   : -5.685

Type  : Fast 1100mV 85C Model Hold 'clk_divider:new_clk_x|temp'
Slack : -0.916
TNS   : -0.916

Type  : Fast 1100mV 85C Model Hold 'fsm:maquina|estado.0110'
Slack : -0.398
TNS   : -1.043

Type  : Fast 1100mV 85C Model Hold 'fsm:maquina|estado.0100'
Slack : -0.334
TNS   : -1.163

Type  : Fast 1100mV 85C Model Hold 'clk_divider:new_clk_y|temp'
Slack : 0.177
TNS   : 0.000

Type  : Fast 1100mV 85C Model Hold 'vv|vgapll|pll_inst|altera_pll_i|general[0].gpll~PLL_OUTPUT_COUNTER|divclk'
Slack : 0.302
TNS   : 0.000

Type  : Fast 1100mV 85C Model Recovery 'clk_divider:new_clk|temp'
Slack : -1.718
TNS   : -24.381

Type  : Fast 1100mV 85C Model Recovery 'clk_divider:new_clk_x|temp'
Slack : -1.604
TNS   : -4.810

Type  : Fast 1100mV 85C Model Recovery 'clk_divider:new_clk_y|temp'
Slack : -1.604
TNS   : -4.810

Type  : Fast 1100mV 85C Model Recovery 'fsm:maquina|estado.0110'
Slack : -0.873
TNS   : -6.024

Type  : Fast 1100mV 85C Model Recovery 'fsm:maquina|estado.0100'
Slack : -0.292
TNS   : -2.550

Type  : Fast 1100mV 85C Model Removal 'fsm:maquina|estado.0110'
Slack : -0.643
TNS   : -6.117

Type  : Fast 1100mV 85C Model Removal 'fsm:maquina|estado.0100'
Slack : -0.581
TNS   : -8.296

Type  : Fast 1100mV 85C Model Removal 'clk_divider:new_clk_y|temp'
Slack : 0.564
TNS   : 0.000

Type  : Fast 1100mV 85C Model Removal 'clk_divider:new_clk|temp'
Slack : 0.586
TNS   : 0.000

Type  : Fast 1100mV 85C Model Removal 'clk_divider:new_clk_x|temp'
Slack : 0.608
TNS   : 0.000

Type  : Fast 1100mV 85C Model Minimum Pulse Width 'fsm:maquina|estado.0001'
Slack : -8.802
TNS   : -20711.205

Type  : Fast 1100mV 85C Model Minimum Pulse Width 'abajo'
Slack : -6.590
TNS   : -7274.873

Type  : Fast 1100mV 85C Model Minimum Pulse Width 'LFSR:pos_x|random[0]'
Slack : -4.075
TNS   : -4336.744

Type  : Fast 1100mV 85C Model Minimum Pulse Width 'reset'
Slack : -0.256
TNS   : -18.349

Type  : Fast 1100mV 85C Model Minimum Pulse Width 'fsm:maquina|estado.0110'
Slack : -0.085
TNS   : -0.465

Type  : Fast 1100mV 85C Model Minimum Pulse Width 'fsm:maquina|estado.0100'
Slack : -0.057
TNS   : -0.226

Type  : Fast 1100mV 85C Model Minimum Pulse Width 'clk_divider:new_clk_y|temp'
Slack : -0.050
TNS   : -0.148

Type  : Fast 1100mV 85C Model Minimum Pulse Width 'clk_divider:new_clk|temp'
Slack : -0.043
TNS   : -0.102

Type  : Fast 1100mV 85C Model Minimum Pulse Width 'clk_divider:new_clk_x|temp'
Slack : -0.001
TNS   : -0.002

Type  : Fast 1100mV 85C Model Minimum Pulse Width 'vv|vgapll|pll_inst|altera_pll_i|general[0].gpll~FRACTIONAL_PLL|vcoph[0]'
Slack : 0.325
TNS   : 0.000

Type  : Fast 1100mV 85C Model Minimum Pulse Width 'clk'
Slack : 9.080
TNS   : 0.000

Type  : Fast 1100mV 85C Model Minimum Pulse Width 'vv|vgapll|pll_inst|altera_pll_i|general[0].gpll~PLL_OUTPUT_COUNTER|divclk'
Slack : 19.418
TNS   : 0.000

Type  : Fast 1100mV 0C Model Setup 'fsm:maquina|estado.0001'
Slack : -18.311
TNS   : -2119.295

Type  : Fast 1100mV 0C Model Setup 'LFSR:pos_x|random[0]'
Slack : -14.705
TNS   : -1904.997

Type  : Fast 1100mV 0C Model Setup 'abajo'
Slack : -14.460
TNS   : -1129.234

Type  : Fast 1100mV 0C Model Setup 'reset'
Slack : -14.246
TNS   : -1880.484

Type  : Fast 1100mV 0C Model Setup 'clk_divider:new_clk|temp'
Slack : -10.675
TNS   : -103.960

Type  : Fast 1100mV 0C Model Setup 'fsm:maquina|estado.0100'
Slack : -6.444
TNS   : -116.286

Type  : Fast 1100mV 0C Model Setup 'fsm:maquina|estado.0110'
Slack : -4.059
TNS   : -70.424

Type  : Fast 1100mV 0C Model Setup 'clk'
Slack : -1.089
TNS   : -2.027

Type  : Fast 1100mV 0C Model Setup 'clk_divider:new_clk_y|temp'
Slack : -0.405
TNS   : -0.704

Type  : Fast 1100mV 0C Model Setup 'clk_divider:new_clk_x|temp'
Slack : -0.297
TNS   : -0.590

Type  : Fast 1100mV 0C Model Setup 'vv|vgapll|pll_inst|altera_pll_i|general[0].gpll~PLL_OUTPUT_COUNTER|divclk'
Slack : 37.542
TNS   : 0.000

Type  : Fast 1100mV 0C Model Hold 'abajo'
Slack : -10.040
TNS   : -997.815

Type  : Fast 1100mV 0C Model Hold 'fsm:maquina|estado.0001'
Slack : -8.613
TNS   : -905.562

Type  : Fast 1100mV 0C Model Hold 'LFSR:pos_x|random[0]'
Slack : -4.568
TNS   : -513.987

Type  : Fast 1100mV 0C Model Hold 'reset'
Slack : -2.029
TNS   : -234.188

Type  : Fast 1100mV 0C Model Hold 'clk'
Slack : -1.211
TNS   : -1.973

Type  : Fast 1100mV 0C Model Hold 'clk_divider:new_clk|temp'
Slack : -0.914
TNS   : -5.337

Type  : Fast 1100mV 0C Model Hold 'clk_divider:new_clk_x|temp'
Slack : -0.835
TNS   : -0.835

Type  : Fast 1100mV 0C Model Hold 'fsm:maquina|estado.0110'
Slack : -0.378
TNS   : -1.012

Type  : Fast 1100mV 0C Model Hold 'fsm:maquina|estado.0100'
Slack : -0.302
TNS   : -1.069

Type  : Fast 1100mV 0C Model Hold 'clk_divider:new_clk_y|temp'
Slack : 0.158
TNS   : 0.000

Type  : Fast 1100mV 0C Model Hold 'vv|vgapll|pll_inst|altera_pll_i|general[0].gpll~PLL_OUTPUT_COUNTER|divclk'
Slack : 0.295
TNS   : 0.000

Type  : Fast 1100mV 0C Model Recovery 'clk_divider:new_clk|temp'
Slack : -1.673
TNS   : -23.941

Type  : Fast 1100mV 0C Model Recovery 'clk_divider:new_clk_y|temp'
Slack : -1.584
TNS   : -4.751

Type  : Fast 1100mV 0C Model Recovery 'clk_divider:new_clk_x|temp'
Slack : -1.574
TNS   : -4.721

Type  : Fast 1100mV 0C Model Recovery 'fsm:maquina|estado.0110'
Slack : -0.746
TNS   : -5.108

Type  : Fast 1100mV 0C Model Recovery 'fsm:maquina|estado.0100'
Slack : -0.246
TNS   : -2.090

Type  : Fast 1100mV 0C Model Removal 'fsm:maquina|estado.0110'
Slack : -0.599
TNS   : -5.878

Type  : Fast 1100mV 0C Model Removal 'fsm:maquina|estado.0100'
Slack : -0.547
TNS   : -7.874

Type  : Fast 1100mV 0C Model Removal 'clk_divider:new_clk_y|temp'
Slack : 0.564
TNS   : 0.000

Type  : Fast 1100mV 0C Model Removal 'clk_divider:new_clk|temp'
Slack : 0.574
TNS   : 0.000

Type  : Fast 1100mV 0C Model Removal 'clk_divider:new_clk_x|temp'
Slack : 0.598
TNS   : 0.000

Type  : Fast 1100mV 0C Model Minimum Pulse Width 'fsm:maquina|estado.0001'
Slack : -7.795
TNS   : -18373.865

Type  : Fast 1100mV 0C Model Minimum Pulse Width 'abajo'
Slack : -5.957
TNS   : -6507.147

Type  : Fast 1100mV 0C Model Minimum Pulse Width 'LFSR:pos_x|random[0]'
Slack : -3.555
TNS   : -3780.465

Type  : Fast 1100mV 0C Model Minimum Pulse Width 'reset'
Slack : -0.224
TNS   : -16.003

Type  : Fast 1100mV 0C Model Minimum Pulse Width 'fsm:maquina|estado.0110'
Slack : -0.029
TNS   : -0.141

Type  : Fast 1100mV 0C Model Minimum Pulse Width 'fsm:maquina|estado.0100'
Slack : -0.015
TNS   : -0.056

Type  : Fast 1100mV 0C Model Minimum Pulse Width 'clk_divider:new_clk_y|temp'
Slack : 0.001
TNS   : 0.000

Type  : Fast 1100mV 0C Model Minimum Pulse Width 'clk_divider:new_clk|temp'
Slack : 0.010
TNS   : 0.000

Type  : Fast 1100mV 0C Model Minimum Pulse Width 'clk_divider:new_clk_x|temp'
Slack : 0.042
TNS   : 0.000

Type  : Fast 1100mV 0C Model Minimum Pulse Width 'vv|vgapll|pll_inst|altera_pll_i|general[0].gpll~FRACTIONAL_PLL|vcoph[0]'
Slack : 0.325
TNS   : 0.000

Type  : Fast 1100mV 0C Model Minimum Pulse Width 'clk'
Slack : 9.085
TNS   : 0.000

Type  : Fast 1100mV 0C Model Minimum Pulse Width 'vv|vgapll|pll_inst|altera_pll_i|general[0].gpll~PLL_OUTPUT_COUNTER|divclk'
Slack : 19.406
TNS   : 0.000

------------------------------------------------------------
