------------------------------------------------------------
Timing Analyzer Summary
------------------------------------------------------------

Type  : Slow 1100mV 85C Model Setup 'mode[0]'
Slack : -15.385
TNS   : -34.269

Type  : Slow 1100mV 85C Model Setup 'in1[0]'
Slack : -14.726
TNS   : -27.854

Type  : Slow 1100mV 85C Model Hold 'in1[0]'
Slack : -0.031
TNS   : -0.031

Type  : Slow 1100mV 85C Model Hold 'mode[0]'
Slack : 1.059
TNS   : 0.000

Type  : Slow 1100mV 85C Model Minimum Pulse Width 'in1[0]'
Slack : -3.076
TNS   : -158.254

Type  : Slow 1100mV 85C Model Minimum Pulse Width 'mode[0]'
Slack : -2.344
TNS   : -82.156

Type  : Slow 1100mV 0C Model Setup 'mode[0]'
Slack : -14.871
TNS   : -33.433

Type  : Slow 1100mV 0C Model Setup 'in1[0]'
Slack : -14.145
TNS   : -26.985

Type  : Slow 1100mV 0C Model Hold 'in1[0]'
Slack : -0.191
TNS   : -0.338

Type  : Slow 1100mV 0C Model Hold 'mode[0]'
Slack : 0.821
TNS   : 0.000

Type  : Slow 1100mV 0C Model Minimum Pulse Width 'in1[0]'
Slack : -3.102
TNS   : -163.699

Type  : Slow 1100mV 0C Model Minimum Pulse Width 'mode[0]'
Slack : -2.280
TNS   : -83.182

Type  : Fast 1100mV 85C Model Setup 'mode[0]'
Slack : -9.938
TNS   : -22.088

Type  : Fast 1100mV 85C Model Setup 'in1[0]'
Slack : -9.378
TNS   : -18.166

Type  : Fast 1100mV 85C Model Hold 'in1[0]'
Slack : 0.280
TNS   : 0.000

Type  : Fast 1100mV 85C Model Hold 'mode[0]'
Slack : 0.763
TNS   : 0.000

Type  : Fast 1100mV 85C Model Minimum Pulse Width 'in1[0]'
Slack : -1.770
TNS   : -73.461

Type  : Fast 1100mV 85C Model Minimum Pulse Width 'mode[0]'
Slack : -1.383
TNS   : -48.990

Type  : Fast 1100mV 0C Model Setup 'mode[0]'
Slack : -8.797
TNS   : -19.644

Type  : Fast 1100mV 0C Model Setup 'in1[0]'
Slack : -8.287
TNS   : -16.054

Type  : Fast 1100mV 0C Model Hold 'in1[0]'
Slack : 0.189
TNS   : 0.000

Type  : Fast 1100mV 0C Model Hold 'mode[0]'
Slack : 0.626
TNS   : 0.000

Type  : Fast 1100mV 0C Model Minimum Pulse Width 'in1[0]'
Slack : -1.607
TNS   : -67.603

Type  : Fast 1100mV 0C Model Minimum Pulse Width 'mode[0]'
Slack : -1.257
TNS   : -42.799

------------------------------------------------------------
