------------------------------------------------------------
Timing Analyzer Summary
------------------------------------------------------------

Type  : Slow 1100mV 85C Model Setup 'mode[0]'
Slack : -8.202
TNS   : -30.512

Type  : Slow 1100mV 85C Model Hold 'mode[0]'
Slack : 1.421
TNS   : 0.000

Type  : Slow 1100mV 85C Model Minimum Pulse Width 'mode[0]'
Slack : -1.390
TNS   : -18.616

Type  : Slow 1100mV 0C Model Setup 'mode[0]'
Slack : -8.050
TNS   : -29.825

Type  : Slow 1100mV 0C Model Hold 'mode[0]'
Slack : 1.274
TNS   : 0.000

Type  : Slow 1100mV 0C Model Minimum Pulse Width 'mode[0]'
Slack : -1.374
TNS   : -17.972

Type  : Fast 1100mV 85C Model Setup 'mode[0]'
Slack : -5.016
TNS   : -19.368

Type  : Fast 1100mV 85C Model Hold 'mode[0]'
Slack : 0.817
TNS   : 0.000

Type  : Fast 1100mV 85C Model Minimum Pulse Width 'mode[0]'
Slack : -0.897
TNS   : -13.744

Type  : Fast 1100mV 0C Model Setup 'mode[0]'
Slack : -4.530
TNS   : -17.518

Type  : Fast 1100mV 0C Model Hold 'mode[0]'
Slack : 0.705
TNS   : 0.000

Type  : Fast 1100mV 0C Model Minimum Pulse Width 'mode[0]'
Slack : -0.845
TNS   : -12.294

------------------------------------------------------------
